{
  "version": "1.5.0",
  "plugins_used": [
    {
      "name": "ArtifactoryDetector"
    },
    {
      "name": "AWSKeyDetector"
    },
    {
      "name": "AzureStorageKeyDetector"
    },
    {
      "name": "Base64HighEntropyString",
      "limit": 4.5
    },
    {
      "name": "BasicAuthDetector"
    },
    {
      "name": "CloudantDetector"
    },
    {
      "name": "DiscordBotTokenDetector"
    },
    {
      "name": "GitHubTokenDetector"
    },
    {
      "name": "GitLabTokenDetector"
    },
    {
      "name": "HexHighEntropyString",
      "limit": 3.0
    },
    {
      "name": "IbmCloudIamDetector"
    },
    {
      "name": "IbmCosHmacDetector"
    },
    {
      "name": "IPPublicDetector"
    },
    {
      "name": "JwtTokenDetector"
    },
    {
      "name": "KeywordDetector",
      "keyword_exclude": ""
    },
    {
      "name": "MailchimpDetector"
    },
    {
      "name": "NpmDetector"
    },
    {
      "name": "OpenAIDetector"
    },
    {
      "name": "PrivateKeyDetector"
    },
    {
      "name": "PypiTokenDetector"
    },
    {
      "name": "SendGridDetector"
    },
    {
      "name": "SlackDetector"
    },
    {
      "name": "SoftlayerDetector"
    },
    {
      "name": "SquareOAuthDetector"
    },
    {
      "name": "StripeDetector"
    },
    {
      "name": "TelegramBotTokenDetector"
    },
    {
      "name": "TwilioKeyDetector"
    }
  ],
  "filters_used": [
    {
      "path": "detect_secrets.filters.allowlist.is_line_allowlisted"
    },
    {
      "path": "detect_secrets.filters.common.is_ignored_due_to_verification_policies",
      "min_level": 2
    },
    {
      "path": "detect_secrets.filters.heuristic.is_indirect_reference"
    },
    {
      "path": "detect_secrets.filters.heuristic.is_likely_id_string"
    },
    {
      "path": "detect_secrets.filters.heuristic.is_lock_file"
    },
    {
      "path": "detect_secrets.filters.heuristic.is_not_alphanumeric_string"
    },
    {
      "path": "detect_secrets.filters.heuristic.is_potential_uuid"
    },
    {
      "path": "detect_secrets.filters.heuristic.is_prefixed_with_dollar_sign"
    },
    {
      "path": "detect_secrets.filters.heuristic.is_sequential_string"
    },
    {
      "path": "detect_secrets.filters.heuristic.is_swagger_file"
    },
    {
      "path": "detect_secrets.filters.heuristic.is_templated_secret"
    },
    {
      "path": "detect_secrets.filters.regex.should_exclude_file",
      "pattern": [
        "pyproject\\.toml|\\.github/workflows/config/\\.secrets\\.baseline"
      ]
    }
  ],
  "results": {
    ".github/workflows/cicd-main.yml": [
      {
        "type": "Secret Keyword",
        "filename": ".github/workflows/cicd-main.yml",
        "hashed_secret": "0de7d8c7d76191fdcb236d3c62be9adf20424ca2",
        "is_verified": false,
        "line_number": 293
      }
    ],
    ".github/workflows/release-nightly-docs.yml": [
      {
        "type": "Secret Keyword",
        "filename": ".github/workflows/release-nightly-docs.yml",
        "hashed_secret": "3e26d6750975d678acb8fa35a0f69237881576b0",
        "is_verified": false,
        "line_number": 29
      }
    ],
    "CONTRIBUTING.md": [
      {
        "type": "Secret Keyword",
        "filename": "CONTRIBUTING.md",
        "hashed_secret": "999d493295471df21f917fdc49321086466edf87",
        "is_verified": false,
        "line_number": 58
      }
    ],
    "docker/manifest.json": [
      {
        "type": "Hex High Entropy String",
        "filename": "docker/manifest.json",
        "hashed_secret": "7ae58d0f08b842ce4d8de7c9ae79feca070eb79e",
        "is_verified": false,
        "line_number": 5
      }
    ],
    "examples/models/gpt_oss/slurm_peft.sh": [
      {
        "type": "Secret Keyword",
        "filename": "examples/models/gpt_oss/slurm_peft.sh",
        "hashed_secret": "5d961f73a9b6f9dc9884e659e013d76631e13dbf",
        "is_verified": false,
        "line_number": 95
      }
    ],
    "examples/models/gpt_oss/slurm_pretrain.sh": [
      {
        "type": "Secret Keyword",
        "filename": "examples/models/gpt_oss/slurm_pretrain.sh",
        "hashed_secret": "5d961f73a9b6f9dc9884e659e013d76631e13dbf",
        "is_verified": false,
        "line_number": 104
      }
    ],
    "examples/models/gpt_oss/slurm_sft.sh": [
      {
        "type": "Secret Keyword",
        "filename": "examples/models/gpt_oss/slurm_sft.sh",
        "hashed_secret": "5d961f73a9b6f9dc9884e659e013d76631e13dbf",
        "is_verified": false,
        "line_number": 96
      }
    ],
    "examples/models/nemotron_3/slurm_peft.sh": [
      {
        "type": "Secret Keyword",
        "filename": "examples/models/nemotron_3/slurm_peft.sh",
        "hashed_secret": "5d961f73a9b6f9dc9884e659e013d76631e13dbf",
        "is_verified": false,
        "line_number": 90
      }
    ],
    "examples/models/nemotron_3/slurm_pretrain.sh": [
      {
        "type": "Secret Keyword",
        "filename": "examples/models/nemotron_3/slurm_pretrain.sh",
        "hashed_secret": "5d961f73a9b6f9dc9884e659e013d76631e13dbf",
        "is_verified": false,
        "line_number": 87
      }
    ],
    "examples/models/nemotron_3/slurm_sft.sh": [
      {
        "type": "Secret Keyword",
        "filename": "examples/models/nemotron_3/slurm_sft.sh",
        "hashed_secret": "5d961f73a9b6f9dc9884e659e013d76631e13dbf",
        "is_verified": false,
        "line_number": 89
      }
    ],
    "examples/models/vlm/glm_45v/slurm_peft.sh": [
      {
        "type": "Secret Keyword",
        "filename": "examples/models/vlm/glm_45v/slurm_peft.sh",
        "hashed_secret": "5d961f73a9b6f9dc9884e659e013d76631e13dbf",
        "is_verified": false,
        "line_number": 92
      }
    ],
    "examples/models/vlm/glm_45v/slurm_sft.sh": [
      {
        "type": "Secret Keyword",
        "filename": "examples/models/vlm/glm_45v/slurm_sft.sh",
        "hashed_secret": "5d961f73a9b6f9dc9884e659e013d76631e13dbf",
        "is_verified": false,
        "line_number": 92
      }
    ],
    "examples/models/vlm/qwen35_vl/slurm_peft.sh": [
      {
        "type": "Secret Keyword",
        "filename": "examples/models/vlm/qwen35_vl/slurm_peft.sh",
        "hashed_secret": "5d961f73a9b6f9dc9884e659e013d76631e13dbf",
        "is_verified": false,
        "line_number": 134
      }
    ],
    "examples/models/vlm/qwen35_vl/slurm_sft.sh": [
      {
        "type": "Secret Keyword",
        "filename": "examples/models/vlm/qwen35_vl/slurm_sft.sh",
        "hashed_secret": "5d961f73a9b6f9dc9884e659e013d76631e13dbf",
        "is_verified": false,
        "line_number": 135
      }
    ],
    "scripts/training/launch_with_sbatch.sh": [
      {
        "type": "Secret Keyword",
        "filename": "scripts/training/launch_with_sbatch.sh",
        "hashed_secret": "5d961f73a9b6f9dc9884e659e013d76631e13dbf",
        "is_verified": false,
        "line_number": 86
      }
    ],
    "tests/functional_tests/test_groups/training/test_load_model.py": [
      {
        "type": "Base64 High Entropy String",
        "filename": "tests/functional_tests/test_groups/training/test_load_model.py",
        "hashed_secret": "906b706cb02260b7de67df2a36315ae2fb2ab27d",
        "is_verified": false,
        "line_number": 41
      }
    ],
    "tests/unit_tests/recipes/test_run_plugins.py": [
      {
        "type": "Secret Keyword",
        "filename": "tests/unit_tests/recipes/test_run_plugins.py",
        "hashed_secret": "767ef7376d44bb6e52b390ddcd12c1cb1b3902a4",
        "is_verified": false,
        "line_number": 548
      },
      {
        "type": "Secret Keyword",
        "filename": "tests/unit_tests/recipes/test_run_plugins.py",
        "hashed_secret": "00942f4668670f34c5943cf52c7ef3139fe2b8d6",
        "is_verified": false,
        "line_number": 909
      }
    ],
    "tests/unit_tests/training/test_config.py": [
      {
        "type": "Secret Keyword",
        "filename": "tests/unit_tests/training/test_config.py",
        "hashed_secret": "0f7da3f82f86e5ea63d3ac270f091af4bcfa819a",
        "is_verified": false,
        "line_number": 3136
      }
    ],
    "tutorials/data/dclm/data_pipeline.ipynb": [
      {
        "type": "Base64 High Entropy String",
        "filename": "tutorials/data/dclm/data_pipeline.ipynb",
        "hashed_secret": "518f01d26deb33a16a9750232754e8950c8fc698",
        "is_verified": false,
        "line_number": 69
      },
      {
        "type": "Base64 High Entropy String",
        "filename": "tutorials/data/dclm/data_pipeline.ipynb",
        "hashed_secret": "a307fa66e51942700c4023ae0a4745654e768735",
        "is_verified": false,
        "line_number": 129
      },
      {
        "type": "Base64 High Entropy String",
        "filename": "tutorials/data/dclm/data_pipeline.ipynb",
        "hashed_secret": "8bc0e0ae33dd981ff58e4a06e0392c87d1bda9e5",
        "is_verified": false,
        "line_number": 136
      }
    ],
    "tutorials/training/reduced_precision_training.ipynb": [
      {
        "type": "Base64 High Entropy String",
        "filename": "tutorials/training/reduced_precision_training.ipynb",
        "hashed_secret": "973a9dae99480f19df292208bbf2054fa9345673",
        "is_verified": false,
        "line_number": 122
      }
    ]
  },
  "generated_at": "2026-03-23T12:02:42Z"
}
